IAM acentuado: 16892 rotulos conferidos contra vocabulario_pt/palavras.tsv (so treino)
IAM acentuado: peso 5.0 no acento, 1.0 na zona vazia, 5188 pares com mascara
IAM acentuado: 16892 acentuadas + 16660 originais (fracao 0.3) = 33552 amostras, 339 escritores
acento_separado: CANINE le o esqueleto; vetor de sinal (6, 768) iniciado em zero, lr x30
ckpt.pt: 457/458 chaves carregadas
ema_ckpt.pt: 457/458 chaves carregadas
epoca 0: MSE 0.0677 | 0 batches descartados nesta epoca (loss nao-finito: 0, gradiente nao-finito: 0; total no run: 0)
epoca 0: peso_acento 5.0 | MSE sem peso 0.0553 | dentro da mascara 0.1317 | fora 0.0535 | mascara cobre 2.34% do latente
epoca 1: MSE 0.0615 | 0 batches descartados nesta epoca (loss nao-finito: 0, gradiente nao-finito: 0; total no run: 0)
epoca 1: peso_acento 5.0 | MSE sem peso 0.0510 | dentro da mascara 0.1119 | fora 0.0496 | mascara cobre 2.34% do latente
epoca 2: MSE 0.0593 | 0 batches descartados nesta epoca (loss nao-finito: 0, gradiente nao-finito: 0; total no run: 0)
epoca 2: peso_acento 5.0 | MSE sem peso 0.0495 | dentro da mascara 0.1050 | fora 0.0482 | mascara cobre 2.34% do latente
epoca 3: MSE 0.0575 | 0 batches descartados nesta epoca (loss nao-finito: 0, gradiente nao-finito: 0; total no run: 0)
epoca 3: peso_acento 5.0 | MSE sem peso 0.0482 | dentro da mascara 0.0985 | fora 0.0470 | mascara cobre 2.34% do latente
epoca 4: MSE 0.0561 | 0 batches descartados nesta epoca (loss nao-finito: 0, gradiente nao-finito: 0; total no run: 0)
epoca 4: peso_acento 5.0 | MSE sem peso 0.0473 | dentro da mascara 0.0950 | fora 0.0461 | mascara cobre 2.34% do latente
epoca 5: MSE 0.0555 | 0 batches descartados nesta epoca (loss nao-finito: 0, gradiente nao-finito: 0; total no run: 0)
epoca 5: peso_acento 5.0 | MSE sem peso 0.0470 | dentro da mascara 0.0910 | fora 0.0460 | mascara cobre 2.34% do latente
epoca 6: MSE 0.0540 | 0 batches descartados nesta epoca (loss nao-finito: 0, gradiente nao-finito: 0; total no run: 0)
epoca 6: peso_acento 5.0 | MSE sem peso 0.0458 | dentro da mascara 0.0879 | fora 0.0448 | mascara cobre 2.34% do latente
epoca 7: MSE 0.0530 | 0 batches descartados nesta epoca (loss nao-finito: 0, gradiente nao-finito: 0; total no run: 0)
epoca 7: peso_acento 5.0 | MSE sem peso 0.0450 | dentro da mascara 0.0849 | fora 0.0441 | mascara cobre 2.34% do latente
epoca 8: MSE 0.0530 | 0 batches descartados nesta epoca (loss nao-finito: 0, gradiente nao-finito: 0; total no run: 0)
epoca 8: peso_acento 5.0 | MSE sem peso 0.0453 | dentro da mascara 0.0833 | fora 0.0443 | mascara cobre 2.34% do latente
epoca 9: MSE 0.0530 | 0 batches descartados nesta epoca (loss nao-finito: 0, gradiente nao-finito: 0; total no run: 0)
epoca 9: peso_acento 5.0 | MSE sem peso 0.0453 | dentro da mascara 0.0821 | fora 0.0444 | mascara cobre 2.34% do latente
epoca 10: MSE 0.0519 | 0 batches descartados nesta epoca (loss nao-finito: 0, gradiente nao-finito: 0; total no run: 0)
epoca 10: peso_acento 5.0 | MSE sem peso 0.0443 | dentro da mascara 0.0820 | fora 0.0434 | mascara cobre 2.34% do latente
epoca 11: MSE 0.0518 | 0 batches descartados nesta epoca (loss nao-finito: 0, gradiente nao-finito: 0; total no run: 0)
epoca 11: peso_acento 5.0 | MSE sem peso 0.0445 | dentro da mascara 0.0788 | fora 0.0436 | mascara cobre 2.34% do latente
epoca 12: MSE 0.0511 | 0 batches descartados nesta epoca (loss nao-finito: 0, gradiente nao-finito: 0; total no run: 0)
epoca 12: peso_acento 5.0 | MSE sem peso 0.0439 | dentro da mascara 0.0775 | fora 0.0431 | mascara cobre 2.34% do latente
epoca 13: MSE 0.0510 | 0 batches descartados nesta epoca (loss nao-finito: 0, gradiente nao-finito: 0; total no run: 0)
epoca 13: peso_acento 5.0 | MSE sem peso 0.0438 | dentro da mascara 0.0767 | fora 0.0430 | mascara cobre 2.34% do latente
epoca 14: MSE 0.0493 | 0 batches descartados nesta epoca (loss nao-finito: 0, gradiente nao-finito: 0; total no run: 0)
epoca 14: peso_acento 5.0 | MSE sem peso 0.0426 | dentro da mascara 0.0711 | fora 0.0419 | mascara cobre 2.34% do latente
epoca 15: MSE 0.0497 | 0 batches descartados nesta epoca (loss nao-finito: 0, gradiente nao-finito: 0; total no run: 0)
epoca 15: peso_acento 5.0 | MSE sem peso 0.0428 | dentro da mascara 0.0742 | fora 0.0420 | mascara cobre 2.34% do latente
